###############################################################################
#
# IAR ELF Linker V9.30.1.335/W64 for ARM                  06/Mar/2023  20:23:37
# Copyright 2007-2022 IAR Systems AB.
#
#    Output file  =  D:\Term 8\Rtos\Labs\RTOS-Labs\Lab3\Debug\Exe\Project1.out
#    Map file     =  D:\Term 8\Rtos\Labs\RTOS-Labs\Lab3\Debug\List\Project1.map
#    Command line =
#        -f "D:\Term 8\Rtos\Labs\RTOS-Labs\Lab3\Debug\Exe\Project1.out.rsp"
#        ("D:\Term 8\Rtos\Labs\RTOS-Labs\Lab3\Debug\Obj\main.o" "D:\Term
#        8\Rtos\Labs\RTOS-Labs\Lab3\Debug\Obj\sched.o" "D:\Term
#        8\Rtos\Labs\RTOS-Labs\Lab3\Debug\Obj\startup_ewarm.o"
#        --no_out_extension -o "D:\Term
#        8\Rtos\Labs\RTOS-Labs\Lab3\Debug\Exe\Project1.out" --redirect
#        _Printf=_PrintfFullNoMb --redirect _Scanf=_ScanfFullNoMb --map
#        "D:\Term 8\Rtos\Labs\RTOS-Labs\Lab3\Debug\List\Project1.map" --config
#        "C:\Program Files\IAR Systems\Embedded Workbench
#        9.1\arm/config/linker/TexasInstruments/TM4C123GH6.icf" --semihosting
#        C:\ti\TivaWare_C_Series-2.2.0.295\driverlib\ewarm\Exe\driverlib.a
#        --entry __iar_program_start --vfe --text_out locale --cpu=Cortex-M4
#        --fpu=VFPv4_sp)
#
###############################################################################

*******************************************************************************
*** MESSAGES
***

Warning[Lt009]: Inconsistent wchar_t size
            gpio.o(driverlib.a) and 4 other objects in driverlib.a have wchar_t
                      size 16 bits
            main.o and 15 other objects, some of them in dl7M_tln.a and 11
                      other libraries have wchar_t size 32 bits


*******************************************************************************
*** RUNTIME MODEL ATTRIBUTES
***

CppFlavor       = *
__CPP_Runtime   = 1
__SystemLibrary = DLib
__dlib_version  = 6


*******************************************************************************
*** HEAP SELECTION
***

The basic heap was selected because --advanced_heap
was not specified and the application did not appear to
be primarily optimized for speed.


*******************************************************************************
*** PLACEMENT SUMMARY
***

"A0":  place at address 0x0 { ro section .intvec };
"P1":  place in [from 0x0 to 0x3'ffff] { ro };
define block CSTACK with size = 4K, alignment = 8 { };
define block HEAP with size = 8K, alignment = 8 { };
"P2":  place in [from 0x2000'0000 to 0x2000'7fff] {
          rw, block CSTACK, block HEAP };
do not initialize { rw section .noinit };

  Section          Kind         Address   Size  Object
  -------          ----         -------   ----  ------
"A0":                                    0x26c
  .intvec          const            0x0  0x26c  startup_ewarm.o [1]
                                - 0x26c  0x26c

"P1":                                    0x630
  .text            ro code        0x26c  0x1ec  gpio.o [3]
  .text            ro code        0x458  0x138  main.o [1]
  .text            ro code        0x590   0x44  sysctl.o [3]
  .text            ro code        0x5d4   0x44  interrupt.o [3]
  .text            ro code        0x618   0x58  systick.o [3]
  .text            ro code        0x670   0xe0  sched.o [1]
  .text            ro code        0x750   0x10  cpu.o [3]
  .text            ro code        0x760   0x38  zero_init3.o [5]
  .text            ro code        0x798   0x28  data_init.o [5]
  .text            ro code        0x7c0   0x22  fpinit_M.o [4]
  .iar.init_table  const          0x7e4   0x10  - Linker created -
  .text            ro code        0x7f4   0x1e  startup_ewarm.o [1]
  .text            ro code        0x814   0x1c  cstartup_M.o [5]
  .text            ro code        0x830   0x1e  cmain.o [5]
  .text            ro code        0x84e    0x4  low_level_init.o [2]
  .text            ro code        0x852    0x4  exit.o [2]
  .text            ro code        0x858    0xa  cexit.o [5]
  .text            ro code        0x864   0x14  exit.o [6]
  .rodata          const          0x878    0xc  main.o [1]
  .rodata          const          0x884    0xc  main.o [1]
  .rodata          const          0x890    0xc  main.o [1]
  .rodata          const          0x89c    0x0  zero_init3.o [5]
                                - 0x89c  0x630

"P2", part 1 of 2:                       0x458
  VTABLE           zero     0x2000'0000  0x26c  interrupt.o [3]
  .bss             zero     0x2000'026c  0x1e0  sched.o [1]
  .bss             zero     0x2000'044c    0x4  main.o [1]
  .bss             zero     0x2000'0450    0x4  main.o [1]
  .bss             zero     0x2000'0454    0x1  sched.o [1]
                          - 0x2000'0455  0x455

"P2", part 2 of 2:                       0x200
  .noinit          uninit   0x2000'0458  0x200  startup_ewarm.o [1]
                          - 0x2000'0658  0x200

Unused ranges:

         From           To      Size
         ----           --      ----
        0x89c     0x3'ffff  0x3'f764
  0x2000'0658  0x2000'7fff    0x79a8


*******************************************************************************
*** INIT TABLE
***

          Address      Size
          -------      ----
Zero (__iar_zero_init3)
    1 destination range, total size 0x455:
          0x2000'0000  0x455



*******************************************************************************
*** MODULE SUMMARY
***

    Module            ro code  ro data  rw data
    ------            -------  -------  -------
command line/config:
    -------------------------------------------
    Total:

D:\Term 8\Rtos\Labs\RTOS-Labs\Lab3\Debug\Obj: [1]
    main.o                312       36        8
    sched.o               224               481
    startup_ewarm.o        30      620      512
    -------------------------------------------
    Total:                566      656    1'001

dl7M_tln.a: [2]
    exit.o                  4
    low_level_init.o        4
    -------------------------------------------
    Total:                  8

driverlib.a: [3]
    cpu.o                  16
    gpio.o                492
    interrupt.o            68               620
    sysctl.o               68
    systick.o              88
    -------------------------------------------
    Total:                732               620

m7M_tls.a: [4]
    fpinit_M.o             34
    -------------------------------------------
    Total:                 34

rt7M_tl.a: [5]
    cexit.o                10
    cmain.o                30
    cstartup_M.o           28
    data_init.o            40
    zero_init3.o           56
    -------------------------------------------
    Total:                164

shb_l.a: [6]
    exit.o                 20
    -------------------------------------------
    Total:                 20

    Gaps                    6        2
    Linker created                  16
-----------------------------------------------
    Grand Total:        1'530      674    1'621


*******************************************************************************
*** ENTRY LIST
***

Entry                       Address   Size  Type      Object
-----                       -------   ----  ----      ------
.iar.init_table$$Base         0x7e4          --   Gb  - Linker created -
.iar.init_table$$Limit        0x7f4          --   Gb  - Linker created -
?main                         0x831         Code  Gb  cmain.o [5]
CPUcpsid                      0x751    0x8  Code  Gb  cpu.o [3]
CPUcpsie                      0x759    0x8  Code  Gb  cpu.o [3]
FaultISR                      0x80f    0x2  Code  Lc  startup_ewarm.o [1]
GPIODirModeSet                0x26d   0x28  Code  Gb  gpio.o [3]
GPIOPadConfigSet              0x295  0x174  Code  Gb  gpio.o [3]
GPIOPinRead                   0x409    0x6  Code  Gb  gpio.o [3]
GPIOPinTypeGPIOOutput         0x415    0xa  Code  Gb  gpio.o [3]
GPIOPinWrite                  0x40f    0x6  Code  Gb  gpio.o [3]
GPIOUnlockPin                 0x439    0xe  Code  Gb  gpio.o [3]
IntDefaultHandler             0x811    0x2  Code  Lc  startup_ewarm.o [1]
IntMasterDisable              0x5dd    0x6  Code  Gb  interrupt.o [3]
IntMasterEnable               0x5d5    0x8  Code  Gb  interrupt.o [3]
IntRegister                   0x5eb   0x26  Code  Gb  interrupt.o [3]
NmiSR                         0x80d    0x2  Code  Lc  startup_ewarm.o [1]
PortF_init                    0x469   0x28  Code  Gb  main.o [1]
Region$$Table$$Base           0x7e4          --   Gb  - Linker created -
Region$$Table$$Limit          0x7f4          --   Gb  - Linker created -
ResetISR                      0x7f5   0x12  Code  Gb  startup_ewarm.o [1]
SysCtlPeripheralEnable        0x5b1    0x8  Code  Gb  sysctl.o [3]
SysCtlPeripheralReady         0x591    0x8  Code  Gb  sysctl.o [3]
SysTickDisable                0x625    0xc  Code  Gb  systick.o [3]
SysTickEnable                 0x619    0xc  Code  Gb  systick.o [3]
SysTickHandler                0x459   0x10  Code  Gb  main.o [1]
SysTickIntDisable             0x653    0xc  Code  Gb  systick.o [3]
SysTickIntEnable              0x647    0xc  Code  Gb  systick.o [3]
SysTickIntRegister            0x631   0x16  Code  Gb  systick.o [3]
SysTickPeriodSet              0x65f    0x8  Code  Gb  systick.o [3]
Systick_init                  0x491   0x2a  Code  Gb  main.o [1]
Tasks                   0x2000'026c  0x1e0  Data  Gb  sched.o [1]
__cmain                       0x831         Code  Gb  cmain.o [5]
__exit                        0x865   0x14  Code  Gb  exit.o [6]
__iar_data_init3              0x799   0x28  Code  Gb  data_init.o [5]
__iar_init_vfp                0x7c1         Code  Gb  fpinit_M.o [4]
__iar_program_start           0x815         Code  Gb  cstartup_M.o [5]
__iar_zero_init3              0x761   0x38  Code  Gb  zero_init3.o [5]
__low_level_init              0x84f    0x4  Code  Gb  low_level_init.o [2]
__vector_table                  0x0  0x26c  Data  Gb  startup_ewarm.o [1]
_call_main                    0x83d         Code  Gb  cmain.o [5]
_exit                         0x859         Code  Gb  cexit.o [5]
createTask                    0x671   0x8a  Code  Gb  sched.o [1]
exit                          0x853    0x4  Code  Gb  exit.o [2]
flag                    0x2000'0450    0x4  Data  Gb  main.o [1]
g_pfnRAMVectors         0x2000'0000  0x26c  Data  Lc  interrupt.o [3]
index                   0x2000'0454    0x1  Data  Gb  sched.o [1]
main                          0x521   0x4e  Code  Gb  main.o [1]
pui32Stack              0x2000'0458  0x200  Data  Lc  startup_ewarm.o [1]
scheduling                    0x6fb   0x44  Code  Gb  sched.o [1]
task1                         0x4bb   0x22  Code  Gb  main.o [1]
task2                         0x4dd   0x22  Code  Gb  main.o [1]
task3                         0x4ff   0x22  Code  Gb  main.o [1]
tick_ctr                0x2000'044c    0x4  Data  Gb  main.o [1]


[1] = D:\Term 8\Rtos\Labs\RTOS-Labs\Lab3\Debug\Obj
[2] = dl7M_tln.a
[3] = driverlib.a
[4] = m7M_tls.a
[5] = rt7M_tl.a
[6] = shb_l.a

  1'530 bytes of readonly  code memory
    674 bytes of readonly  data memory
  1'621 bytes of readwrite data memory

Errors: none
Warnings: 1
