###############################################################################
#
# IAR ELF Linker V9.30.1.335/W64 for ARM                  26/Feb/2023  10:51:30
# Copyright 2007-2022 IAR Systems AB.
#
#    Output file  =  D:\IAR Projects\RTOS\Lab2\Debug\Exe\Project1.out
#    Map file     =  D:\IAR Projects\RTOS\Lab2\Debug\List\Project1.map
#    Command line =
#        -f "D:\IAR Projects\RTOS\Lab2\Debug\Exe\Project1.out.rsp" ("D:\IAR
#        Projects\RTOS\Lab2\Debug\Obj\main.o" "D:\IAR
#        Projects\RTOS\Lab2\Debug\Obj\startup_ewarm.o" --no_out_extension -o
#        "D:\IAR Projects\RTOS\Lab2\Debug\Exe\Project1.out" --redirect
#        _Printf=_PrintfFullNoMb --redirect _Scanf=_ScanfFullNoMb --map "D:\IAR
#        Projects\RTOS\Lab2\Debug\List\Project1.map" --config "C:\Program
#        Files\IAR Systems\Embedded Workbench
#        9.1\arm/config/linker/TexasInstruments/TM4C123GH6.icf" --semihosting
#        C:\ti\TivaWare_C_Series-2.2.0.295\driverlib\ewarm\Exe\driverlib.a
#        --entry __iar_program_start --vfe --text_out locale --cpu=Cortex-M4
#        --fpu=VFPv4_sp)
#
###############################################################################

*******************************************************************************
*** MESSAGES
***

Warning[Lt009]: Inconsistent wchar_t size
            gpio.o(driverlib.a) and 4 other objects in driverlib.a have wchar_t
                      size 16 bits
            main.o and 14 other objects, some of them in dl7M_tln.a and 11
                      other libraries have wchar_t size 32 bits


*******************************************************************************
*** RUNTIME MODEL ATTRIBUTES
***

CppFlavor       = *
__CPP_Runtime   = 1
__SystemLibrary = DLib
__dlib_version  = 6


*******************************************************************************
*** HEAP SELECTION
***

The basic heap was selected because --advanced_heap
was not specified and the application did not appear to
be primarily optimized for speed.


*******************************************************************************
*** PLACEMENT SUMMARY
***

"A0":  place at address 0x0 { ro section .intvec };
"P1":  place in [from 0x0 to 0x3'ffff] { ro };
define block CSTACK with size = 4K, alignment = 8 { };
define block HEAP with size = 8K, alignment = 8 { };
"P2":  place in [from 0x2000'0000 to 0x2000'7fff] {
          rw, block CSTACK, block HEAP };
do not initialize { rw section .noinit };
initialize by copy { rw };

  Section            Kind         Address   Size  Object
  -------            ----         -------   ----  ------
"A0":                                      0x26c
  .intvec            const            0x0  0x26c  startup_ewarm.o [1]
                                  - 0x26c  0x26c

"P1":                                      0x5f4
  .text              ro code        0x26c  0x1e4  gpio.o [3]
  .text              ro code        0x450  0x1c0  main.o [1]
  .text              ro code        0x610   0x44  sysctl.o [3]
  .text              ro code        0x654   0x44  interrupt.o [3]
  .text              ro code        0x698   0x58  systick.o [3]
  .text              ro code        0x6f0   0x10  cpu.o [3]
  .text              ro code        0x700   0x38  zero_init3.o [5]
  .text              ro code        0x738   0x2a  copy_init3.o [5]
  .text              ro code        0x764   0x28  data_init.o [5]
  .text              ro code        0x78c   0x22  fpinit_M.o [4]
  .iar.init_table    const          0x7b0   0x24  - Linker created -
  .text              ro code        0x7d4   0x1e  startup_ewarm.o [1]
  .text              ro code        0x7f4   0x1c  cstartup_M.o [5]
  .text              ro code        0x810   0x1e  cmain.o [5]
  .text              ro code        0x82e    0x4  low_level_init.o [2]
  .text              ro code        0x832    0x4  exit.o [2]
  .text              ro code        0x838    0xa  cexit.o [5]
  .text              ro code        0x844   0x14  exit.o [6]
  Initializer bytes  const          0x858    0x8  <for P2-1>
  .rodata            const          0x860    0x0  zero_init3.o [5]
  .rodata            const          0x860    0x0  copy_init3.o [5]
                                  - 0x860  0x5f4

"P2", part 1 of 3:                           0x8
  P2-1                        0x2000'0000    0x8  <Init block>
    .data            inited   0x2000'0000    0x4  main.o [1]
    .data            inited   0x2000'0004    0x4  main.o [1]
                            - 0x2000'0008    0x8

"P2", part 2 of 3:                         0x7ac
  VTABLE             zero     0x2000'0400  0x26c  interrupt.o [3]
  .bss               zero     0x2000'066c   0xa0  main.o [1]
  .bss               zero     0x2000'070c   0xa0  main.o [1]
  .bss               zero     0x2000'07ac    0x4  main.o [1]
  .bss               zero     0x2000'07b0    0x4  main.o [1]
                            - 0x2000'07b4  0x7ac

"P2", part 3 of 3:                         0x200
  .noinit            uninit   0x2000'07b4  0x200  startup_ewarm.o [1]
                            - 0x2000'09b4  0x200

Unused ranges:

         From           To      Size
         ----           --      ----
        0x860     0x3'ffff  0x3'f7a0
  0x2000'09b4  0x2000'7fff    0x764c


*******************************************************************************
*** INIT TABLE
***

          Address      Size
          -------      ----
Zero (__iar_zero_init3)
    1 destination range, total size 0x3b4:
          0x2000'0400  0x3b4

Copy (__iar_copy_init3)
    1 source range, total size 0x8:
                0x858    0x8
    1 destination range, total size 0x8:
          0x2000'0000    0x8



*******************************************************************************
*** MODULE SUMMARY
***

    Module            ro code  ro data  rw data
    ------            -------  -------  -------
command line/config:
    -------------------------------------------
    Total:

D:\IAR Projects\RTOS\Lab2\Debug\Obj: [1]
    main.o                448        8      336
    startup_ewarm.o        30      620      512
    -------------------------------------------
    Total:                478      628      848

dl7M_tln.a: [2]
    exit.o                  4
    low_level_init.o        4
    -------------------------------------------
    Total:                  8

driverlib.a: [3]
    cpu.o                  16
    gpio.o                484
    interrupt.o            68               620
    sysctl.o               68
    systick.o              88
    -------------------------------------------
    Total:                724               620

m7M_tls.a: [4]
    fpinit_M.o             34
    -------------------------------------------
    Total:                 34

rt7M_tl.a: [5]
    cexit.o                10
    cmain.o                30
    copy_init3.o           42
    cstartup_M.o           28
    data_init.o            40
    zero_init3.o           56
    -------------------------------------------
    Total:                206

shb_l.a: [6]
    exit.o                 20
    -------------------------------------------
    Total:                 20

    Gaps                    8        2    1'016
    Linker created                  36
-----------------------------------------------
    Grand Total:        1'478      666    2'484


*******************************************************************************
*** ENTRY LIST
***

Entry                       Address   Size  Type      Object
-----                       -------   ----  ----      ------
.iar.init_table$$Base         0x7b0          --   Gb  - Linker created -
.iar.init_table$$Limit        0x7d4          --   Gb  - Linker created -
?main                         0x811         Code  Gb  cmain.o [5]
CPUcpsid                      0x6f1    0x8  Code  Gb  cpu.o [3]
CPUcpsie                      0x6f9    0x8  Code  Gb  cpu.o [3]
FaultISR                      0x7ef    0x2  Code  Lc  startup_ewarm.o [1]
GPIODirModeSet                0x26d   0x28  Code  Gb  gpio.o [3]
GPIOPadConfigSet              0x295  0x174  Code  Gb  gpio.o [3]
GPIOPinTypeGPIOOutput         0x40f    0xa  Code  Gb  gpio.o [3]
GPIOPinWrite                  0x409    0x6  Code  Gb  gpio.o [3]
GPIOUnlockPin                 0x433    0xe  Code  Gb  gpio.o [3]
IntDefaultHandler             0x7f1    0x2  Code  Lc  startup_ewarm.o [1]
IntMasterDisable              0x65d    0x6  Code  Gb  interrupt.o [3]
IntMasterEnable               0x655    0x8  Code  Gb  interrupt.o [3]
IntRegister                   0x66b   0x26  Code  Gb  interrupt.o [3]
NmiSR                         0x7ed    0x2  Code  Lc  startup_ewarm.o [1]
PortF_init                    0x45b   0x28  Code  Gb  main.o [1]
Region$$Table$$Base           0x7b0          --   Gb  - Linker created -
Region$$Table$$Limit          0x7d4          --   Gb  - Linker created -
ResetISR                      0x7d5   0x12  Code  Gb  startup_ewarm.o [1]
SysCtlPeripheralEnable        0x631    0x8  Code  Gb  sysctl.o [3]
SysCtlPeripheralReady         0x611    0x8  Code  Gb  sysctl.o [3]
SysTickDisable                0x6a5    0xc  Code  Gb  systick.o [3]
SysTickEnable                 0x699    0xc  Code  Gb  systick.o [3]
SysTickHandler                0x451    0xa  Code  Gb  main.o [1]
SysTickIntDisable             0x6d3    0xc  Code  Gb  systick.o [3]
SysTickIntEnable              0x6c7    0xc  Code  Gb  systick.o [3]
SysTickIntRegister            0x6b1   0x16  Code  Gb  systick.o [3]
SysTickPeriodSet              0x6df    0x8  Code  Gb  systick.o [3]
Systick_init                  0x483   0x28  Code  Gb  main.o [1]
__cmain                       0x811         Code  Gb  cmain.o [5]
__exit                        0x845   0x14  Code  Gb  exit.o [6]
__iar_copy_init3              0x739   0x2a  Code  Gb  copy_init3.o [5]
__iar_data_init3              0x765   0x28  Code  Gb  data_init.o [5]
__iar_init_vfp                0x78d         Code  Gb  fpinit_M.o [4]
__iar_program_start           0x7f5         Code  Gb  cstartup_M.o [5]
__iar_zero_init3              0x701   0x38  Code  Gb  zero_init3.o [5]
__low_level_init              0x82f    0x4  Code  Gb  low_level_init.o [2]
__vector_table                  0x0  0x26c  Data  Gb  startup_ewarm.o [1]
_call_main                    0x81d         Code  Gb  cmain.o [5]
_exit                         0x839         Code  Gb  cexit.o [5]
blink_blue                    0x4f1   0x26  Code  Gb  main.o [1]
blink_red                     0x4cb   0x26  Code  Gb  main.o [1]
delay                         0x4ab   0x20  Code  Gb  main.o [1]
exit                          0x833    0x4  Code  Gb  exit.o [2]
g_pfnRAMVectors         0x2000'0400  0x26c  Data  Lc  interrupt.o [3]
main                          0x517   0xd0  Code  Gb  main.o [1]
pui32Stack              0x2000'07b4  0x200  Data  Lc  startup_ewarm.o [1]
sp_BlueBlinky           0x2000'0004    0x4  Data  Gb  main.o [1]
sp_RedBlinky            0x2000'0000    0x4  Data  Gb  main.o [1]
stack_BlueBlinky        0x2000'070c   0xa0  Data  Gb  main.o [1]
stack_RedBlinky         0x2000'066c   0xa0  Data  Gb  main.o [1]
start                   0x2000'07ac    0x4  Data  Gb  main.o [1]
tick_ctr                0x2000'07b0    0x4  Data  Gb  main.o [1]


[1] = D:\IAR Projects\RTOS\Lab2\Debug\Obj
[2] = dl7M_tln.a
[3] = driverlib.a
[4] = m7M_tls.a
[5] = rt7M_tl.a
[6] = shb_l.a

  1'478 bytes of readonly  code memory
    666 bytes of readonly  data memory
  2'484 bytes of readwrite data memory

Errors: none
Warnings: 1
